// Vitest Snapshot v1, https://vitest.dev/guide/snapshot.html

exports[`PackStatusMessage > renders NodeStatusActive 1`] = `"<transition-stub name="p-message" appear="true" persisted="false" css="true" class="flex w-fit items-center rounded-xl p-0 wrap-break-word"><div class="p-message p-component p-message-success" role="alert" aria-live="assertive" aria-atomic="true" data-pc-name="message" data-pc-section="root"><div class="p-message-content px-2 py-0.5" data-pc-section="content"><!----><div class="p-message-text text-xs" data-pc-section="text"><i class="pi pi-circle-fill mr-1.5 p-0 text-[0.6rem]" style="opacity: 0.8;"></i> Active</div><!----></div></div></transition-stub>"`;

exports[`PackStatusMessage > renders NodeStatusBanned 1`] = `"<transition-stub name="p-message" appear="true" persisted="false" css="true" class="flex w-fit items-center rounded-xl p-0 wrap-break-word"><div class="p-message p-component p-message-error" role="alert" aria-live="assertive" aria-atomic="true" data-pc-name="message" data-pc-section="root"><div class="p-message-content px-2 py-0.5" data-pc-section="content"><!----><div class="p-message-text text-xs" data-pc-section="text"><i class="pi pi-circle-fill mr-1.5 p-0 text-[0.6rem]" style="opacity: 0.8;"></i> Banned</div><!----></div></div></transition-stub>"`;

exports[`PackStatusMessage > renders NodeStatusDeleted 1`] = `"<transition-stub name="p-message" appear="true" persisted="false" css="true" class="flex w-fit items-center rounded-xl p-0 wrap-break-word"><div class="p-message p-component p-message-warn" role="alert" aria-live="assertive" aria-atomic="true" data-pc-name="message" data-pc-section="root"><div class="p-message-content px-2 py-0.5" data-pc-section="content"><!----><div class="p-message-text text-xs" data-pc-section="text"><i class="pi pi-circle-fill mr-1.5 p-0 text-[0.6rem]" style="opacity: 0.8;"></i> Deleted</div><!----></div></div></transition-stub>"`;

exports[`PackStatusMessage > renders NodeVersionStatusActive 1`] = `"<transition-stub name="p-message" appear="true" persisted="false" css="true" class="flex w-fit items-center rounded-xl p-0 wrap-break-word"><div class="p-message p-component p-message-success" role="alert" aria-live="assertive" aria-atomic="true" data-pc-name="message" data-pc-section="root"><div class="p-message-content px-2 py-0.5" data-pc-section="content"><!----><div class="p-message-text text-xs" data-pc-section="text"><i class="pi pi-circle-fill mr-1.5 p-0 text-[0.6rem]" style="opacity: 0.8;"></i> Active</div><!----></div></div></transition-stub>"`;

exports[`PackStatusMessage > renders NodeVersionStatusBanned 1`] = `"<transition-stub name="p-message" appear="true" persisted="false" css="true" class="flex w-fit items-center rounded-xl p-0 wrap-break-word"><div class="p-message p-component p-message-error" role="alert" aria-live="assertive" aria-atomic="true" data-pc-name="message" data-pc-section="root"><div class="p-message-content px-2 py-0.5" data-pc-section="content"><!----><div class="p-message-text text-xs" data-pc-section="text"><i class="pi pi-circle-fill mr-1.5 p-0 text-[0.6rem]" style="opacity: 0.8;"></i> Banned</div><!----></div></div></transition-stub>"`;

exports[`PackStatusMessage > renders NodeVersionStatusDeleted 1`] = `"<transition-stub name="p-message" appear="true" persisted="false" css="true" class="flex w-fit items-center rounded-xl p-0 wrap-break-word"><div class="p-message p-component p-message-warn" role="alert" aria-live="assertive" aria-atomic="true" data-pc-name="message" data-pc-section="root"><div class="p-message-content px-2 py-0.5" data-pc-section="content"><!----><div class="p-message-text text-xs" data-pc-section="text"><i class="pi pi-circle-fill mr-1.5 p-0 text-[0.6rem]" style="opacity: 0.8;"></i> Deleted</div><!----></div></div></transition-stub>"`;

exports[`PackStatusMessage > renders NodeVersionStatusFlagged 1`] = `"<transition-stub name="p-message" appear="true" persisted="false" css="true" class="flex w-fit items-center rounded-xl p-0 wrap-break-word"><div class="p-message p-component p-message-warn" role="alert" aria-live="assertive" aria-atomic="true" data-pc-name="message" data-pc-section="root"><div class="p-message-content px-2 py-0.5" data-pc-section="content"><!----><div class="p-message-text text-xs" data-pc-section="text"><i class="pi pi-circle-fill mr-1.5 p-0 text-[0.6rem]" style="opacity: 0.8;"></i> Flagged</div><!----></div></div></transition-stub>"`;

exports[`PackStatusMessage > renders NodeVersionStatusPending 1`] = `"<transition-stub name="p-message" appear="true" persisted="false" css="true" class="flex w-fit items-center rounded-xl p-0 wrap-break-word"><div class="p-message p-component p-message-warn" role="alert" aria-live="assertive" aria-atomic="true" data-pc-name="message" data-pc-section="root"><div class="p-message-content px-2 py-0.5" data-pc-section="content"><!----><div class="p-message-text text-xs" data-pc-section="text"><i class="pi pi-circle-fill mr-1.5 p-0 text-[0.6rem]" style="opacity: 0.8;"></i> Pending</div><!----></div></div></transition-stub>"`;
